// Jest Snapshot v1, https://goo.gl/fbAQLP

exports[`carsApiSlice compnent renders correctly 1`] = `<carsApiSlice />`;
